(gdb) b main
Breakpoint 1 at 0x772: file p0original.c, line 3.
(gdb) r
Starting program: /home/runner/pps-test1-Sridha123/a.out 
warning: Error disabling address space randomization: Operation not permitted

Breakpoint 1, main () at p0original.c:3
3   {
(gdb) n
5     printf("Enter your name:");
(gdb) n
6     scanf("%s", a);
(gdb) n
Enter your name:tejasri
7     printf("%s\n", a);
(gdb) n
tejasri
8     return 0;
(gdb) c
Continuing.
[Inferior 1 (process 81) exited normally]
(gdb) 
